// Jest Snapshot v1, https://goo.gl/fbAQLP

exports[`SharedBrief.vue should render correct contents 1`] = `<div><img svg-inline="" src="../assets/icons/common/user.svg" class="brief__icon"> <span class="brief__text text is-small is-txtSoftGrey"> SharedBrief.sharedWith&nbsp;</span> <span class="brief__text text is-small is-txtSoftGrey u-ellipsis">SharedBrief.users SharedBrief.and SharedBrief.groups</span></div>`;
