// Jest Snapshot v1, https://goo.gl/fbAQLP

exports[`DatasetQuickAction.vue should not render the component if the map is shared 1`] = `<quickactions-stub actions="[object Object],[object Object],[object Object],[object Object],[object Object],[object Object],[object Object],[object Object]"></quickactions-stub>`;

exports[`DatasetQuickAction.vue should render correct contents 1`] = `<quickactions-stub actions="[object Object],[object Object],[object Object],[object Object],[object Object],[object Object],[object Object],[object Object]"></quickactions-stub>`;
