// Jest Snapshot v1, https://goo.gl/fbAQLP

exports[`DatasetQuickAction.vue should render open dropdown with actions for locked datasets 1`] = `
<div class="quick-actions"><a href="javascript:void(0)" class="quick-actions-select"><img svg-inline="" src="new-dashboard/assets/icons/common/options.svg"></a>
  <!---->
</div>
`;

exports[`DatasetQuickAction.vue should render open dropdown with all actions for non shared non locked datasets 1`] = `
<div class="quick-actions"><a href="javascript:void(0)" class="quick-actions-select"><img svg-inline="" src="new-dashboard/assets/icons/common/options.svg"></a>
  <!---->
</div>
`;
