// Jest Snapshot v1, https://goo.gl/fbAQLP

exports[`QuickActions.vue methods should close dropdown 1`] = `
<div class="quick-actions"><a href="javascript:void(0)" class="quick-actions-select"><img svg-inline="" src="new-dashboard/assets/icons/common/options.svg"></a>
  <!---->
</div>
`;

exports[`QuickActions.vue methods should close dropdown 2`] = `
<div class="quick-actions"><a href="javascript:void(0)" class="quick-actions-select"><img svg-inline="" src="new-dashboard/assets/icons/common/options.svg"></a>
  <!---->
</div>
`;

exports[`QuickActions.vue methods should close dropdown 3`] = `
<div class="quick-actions"><a href="javascript:void(0)" class="quick-actions-select"><img svg-inline="" src="new-dashboard/assets/icons/common/options.svg"></a>
  <!---->
</div>
`;

exports[`QuickActions.vue methods should open dropdown and then close it again 1`] = `
<div class="quick-actions"><a href="javascript:void(0)" class="quick-actions-select"><img svg-inline="" src="new-dashboard/assets/icons/common/options.svg"></a>
  <!---->
</div>
`;

exports[`QuickActions.vue methods should open dropdown and then close it again 2`] = `
<div class="quick-actions"><a href="javascript:void(0)" class="quick-actions-select"><img svg-inline="" src="new-dashboard/assets/icons/common/options.svg"></a>
  <!---->
</div>
`;

exports[`QuickActions.vue should not render options with shouldBeHidden 1`] = `
<div class="quick-actions"><a href="javascript:void(0)" class="quick-actions-select"><img svg-inline="" src="new-dashboard/assets/icons/common/options.svg"></a>
  <!---->
</div>
`;

exports[`QuickActions.vue should render correct contents 1`] = `
<div class="quick-actions"><a href="javascript:void(0)" class="quick-actions-select"><img svg-inline="" src="new-dashboard/assets/icons/common/options.svg"></a>
  <!---->
</div>
`;
