// Jest Snapshot v1, https://goo.gl/fbAQLP

exports[`QuotasModule.vue should render correct contents 1`] = `
<ul class="grid">
  <li class="vertical-space grid-cell grid-cell--col4 grid-cell--col6--tablet grid-cell--col12--mobile">
    <quotacontainer-stub>
      <quotawidget-stub name="Limits.storage" amount="Limits.quota" availablecapacity="1024" usedcapacity="6.78125" unit="MB"></quotawidget-stub>
    </quotacontainer-stub>
  </li>
  <li class="vertical-space grid-cell grid-cell--col4 grid-cell--col6--tablet grid-cell--col12--mobile">
    <quotacontainer-stub>
      <quotawidget-stub name="Limits.geocoding" amount="Limits.credits" availablecapacity="1200" usedcapacity="103"></quotawidget-stub>
    </quotacontainer-stub>
  </li>
  <li class="vertical-space grid-cell grid-cell--col4 grid-cell--col6--tablet grid-cell--col12--mobile">
    <quotacontainer-stub>
      <quotawidget-stub name="Limits.isolines" amount="Limits.credits" availablecapacity="1332" usedcapacity="134" type="compact"></quotawidget-stub>
      <quotawidget-stub name="Limits.routing" amount="Limits.credits" availablecapacity="102" usedcapacity="54" type="compact"></quotawidget-stub>
    </quotacontainer-stub>
  </li>
</ul>
`;
