// Jest Snapshot v1, https://goo.gl/fbAQLP

exports[`QuotasModule.vue should render correct contents 1`] = `
<ul class="grid">
  <li class="vertical-space grid-cell grid-cell--col4 grid-cell--col6--tablet grid-cell--col12--mobile">
    <quotacontainer-stub>
      <quotawidget-stub name="Limits.storage" quotatype="Limits.quota" availablequota="1024" usedquota="6.78125" unit="MB"></quotawidget-stub>
    </quotacontainer-stub>
  </li>
  <li class="vertical-space grid-cell grid-cell--col4 grid-cell--col6--tablet grid-cell--col12--mobile">
    <quotacontainer-stub>
      <quotawidget-stub name="Limits.geocoding" quotatype="Limits.credits" availablequota="1200" usedquota="103"></quotawidget-stub>
    </quotacontainer-stub>
  </li>
  <li class="vertical-space grid-cell grid-cell--col4 grid-cell--col6--tablet grid-cell--col12--mobile">
    <quotacontainer-stub>
      <quotawidget-stub name="Limits.isolines" quotatype="Limits.credits" availablequota="1332" usedquota="134" mode="compact"></quotawidget-stub>
      <quotawidget-stub name="Limits.routing" quotatype="Limits.credits" availablequota="102" usedquota="54" mode="compact"></quotawidget-stub>
    </quotacontainer-stub>
  </li>
</ul>
`;
