// Jest Snapshot v1, https://goo.gl/fbAQLP

exports[`Dropdown.vue should open dropdown when clicking toggle 1`] = `
<section><button class="dropdown__toggle dropdown__toggle--active"></button>
  <div class="dropdown is-open">Dropdown Content</div>
</section>
`;

exports[`Dropdown.vue should render correct contents 1`] = `
<section><button class="dropdown__toggle"></button>
  <div class="dropdown">Default text</div>
</section>
`;
