// Jest Snapshot v1, https://goo.gl/fbAQLP

exports[`EmptyState.vue should render correctly the empty state box 1`] = `
<div class="empty-state">
  <div class="empty-state-icon"><img src="test.svg"></div>
  <div class="empty-state-text">
    <h6 class="text is-caption is-txtSoftGrey">There are no maps here.</h6>
  </div>
</div>
`;
