// Jest Snapshot v1, https://goo.gl/fbAQLP

exports[`RecentSection.vue Render should render properly 1`] = `
<section class="recent-section is-bgSoftBlue">
  <div class="container">
    <sectiontitle-stub class="grid-cell"><template></template> <template></template> <template></template></sectiontitle-stub>
    <ul class="grid">
      <li class="card grid-cell grid-cell--col4 grid-cell--col6--tablet grid-cell--col12--mobile">
        <simplemapcard-stub visualization="[object Object]" storeactiontype="recentContent" visiblesections="privacy,lastModification" singlelinetitle="true"></simplemapcard-stub>
      </li>
      <li class="card grid-cell grid-cell--col4 grid-cell--col6--tablet grid-cell--col12--mobile">
        <simplemapcard-stub visualization="[object Object]" storeactiontype="recentContent" visiblesections="privacy,lastModification" singlelinetitle="true"></simplemapcard-stub>
      </li>
    </ul>
  </div>
</section>
`;
