// Jest Snapshot v1, https://goo.gl/fbAQLP

exports[`Search.vue Rendering should render correctly 1`] = `
<form autocomplete="off" class="navbar-search is-search-open"><input type="text" placeholder="SearchComponent.placeholder.default" class="title is-small is-regular navbar-searchInput">
  <searchsuggestions-stub query=""></searchsuggestions-stub>
</form>
`;

exports[`Search.vue Rendering should render when search is open and filled correctly 1`] = `
<form autocomplete="off" class="navbar-search is-search-open"><input type="text" placeholder="SearchComponent.placeholder.active" class="title is-small is-regular navbar-searchInput navbar-searchInput--filled">
  <searchsuggestions-stub query="Query text" isopen="true"></searchsuggestions-stub>
</form>
`;
