// Jest Snapshot v1, https://goo.gl/fbAQLP

exports[`Selector.vue should render properly 1`] = `
<div tabindex="0" class="selector">
  <h3 class="title is-body is-medium u-mb--8">
    JavaScript Tutorial
  </h3>
  <p class="is-caption">This a fake description</p>
  <ul class="selector__tags">
    <li class="selector__tags-item title">Fake tag</li>
    <li class="selector__tags-item title">More fake tag</li>
  </ul>
</div>
`;

exports[`Selector.vue should set icon modifier if present 1`] = `
<div tabindex="0" class="selector">
  <h3 class="title is-body is-medium u-mb--8 selector__title-icon selector__title-icon--fake">

  </h3>
  <p class="is-caption"></p>
  <ul class="selector__tags"></ul>
</div>
`;
