// Jest Snapshot v1, https://goo.gl/fbAQLP

exports[`NotificationsPage.vue when notifications are being fetched should show a spinner 1`] = `
<section class="page">
  <div class="notifications-list-container container grid">
    <div class="full-width">
      <header class="head-section grid-cell">
        <div class="head-sectionContainer">
          <h2 class="head-sectionTitle is-txtGrey"><span class="icon icon--large"><img src="../assets/icons/section-title/envelope.svg"></span>
            Notifications
          </h2>
          <ul class="head-sectionActions">
            <li class="head-sectionActionsItem head-sectionDropdownContainer"></li>
            <!---->
          </ul>
        </div>
        <!---->
      </header>
      <ul class="notifications-list grid-cell  grid-cell--col9 grid-cell--col12--tablet"></ul>
      <!---->
      <div class="loading-state">
        <div class="loading-state-icon"><img svg-inline="" src="../../assets/icons/navbar/search/loading.svg" class="loading-state__svg"></div>
        <h6 class="loading-state-text text is-caption is-txtSoftGrey">fake_loading_text</h6>
      </div>
    </div>
  </div>
</section>
`;
